2026-08-18 12:33:41,521 - INFO - User 1 performed action: Created role 2 - Reception
2026-08-18 12:33:41,805 - INFO - User 1 performed action: Created staff 2 - Receptionist
2026-08-18 12:38:50,101 - INFO - User 2 performed action: Created appointment 1 for patient 1 with doctor 1
2026-08-18 12:42:20,459 - INFO - User 1 performed action: Updated staff 1
2026-08-18 12:42:20,772 - INFO - User 1 performed action: Created staff 2 - ToDelete
2026-08-18 12:42:20,777 - INFO - User 1 performed action: Deleted staff 2
2026-08-18 12:43:29,510 - INFO - User 1 performed action: Updated staff 1
2026-08-18 12:43:29,799 - INFO - User 1 performed action: Created staff 3 - ToDelete
2026-08-18 12:43:29,809 - INFO - User 1 performed action: Deleted staff 3
2026-08-18 12:51:17,194 - INFO - User 1 performed action: Set availability for doctor 1
2026-08-18 12:51:17,206 - INFO - User 3 performed action: Created appointment 1 for patient 1 with doctor 1
2026-08-18 12:51:17,216 - INFO - User 3 performed action: Cancelled appointment 1
2026-08-18 12:51:53,662 - INFO - User 1 performed action: Set availability for doctor 1
2026-08-18 12:51:53,670 - INFO - User 3 performed action: Created appointment 1 for patient 1 with doctor 1
2026-08-18 12:51:53,677 - INFO - User 3 performed action: Cancelled appointment 1
2026-08-18 12:55:18,941 - INFO - User 1 performed action: Created EHR 1 for patient 1
2026-08-18 12:55:54,566 - INFO - User 1 performed action: Created EHR 1 for patient 1
2026-08-18 12:56:15,648 - INFO - User 1 performed action: Created EHR 1 for patient 1
2026-08-18 12:59:29,893 - INFO - User 1 performed action: Created prescription 1 for patient 1
2026-08-18 12:59:29,926 - INFO - User 2 performed action: Fulfilled prescription 1
2026-08-18 12:59:30,204 - INFO - User 1 performed action: Granted consent 1 for patient 1
2026-08-18 12:59:30,211 - INFO - User 1 performed action: Revoked consent 1
2026-08-18 13:03:16,968 - INFO - User 1 performed action: Granted consent 1 for patient 1
2026-08-18 13:03:16,976 - INFO - User 1 performed action: Revoked consent 1
2026-08-18 13:03:17,247 - INFO - User 1 performed action: Created EHR 1 for patient 1
2026-08-18 13:03:17,843 - INFO - User 1 performed action: Created prescription 1 for patient 1
2026-08-18 13:03:17,854 - INFO - User 2 performed action: Fulfilled prescription 1
2026-08-18 13:06:59,305 - INFO - User 1 performed action: Created receipt 1 for billing 1
2026-08-18 13:07:23,216 - INFO - User 1 performed action: Created receipt 1 for billing 1
2026-08-18 13:10:04,834 - INFO - User 1 performed action: Created EHR 1 for patient 1
2026-08-18 13:10:30,686 - INFO - User 1 performed action: Created EHR 1 for patient 1
2026-08-18 15:37:06,610 - INFO - User 2 performed action: Created appointment 1 for patient 1 with doctor 1
2026-08-18 15:37:08,338 - INFO - User 1 performed action: Set availability for doctor 1
2026-08-18 15:37:08,353 - INFO - User 3 performed action: Created appointment 1 for patient 1 with doctor 1
2026-08-18 15:37:08,367 - INFO - User 3 performed action: Cancelled appointment 1
2026-08-18 15:37:09,011 - INFO - User 1 performed action: Created receipt 1 for billing 1
2026-08-18 15:37:09,645 - INFO - User 1 performed action: Granted consent 1 for patient 1
2026-08-18 15:37:09,654 - INFO - User 1 performed action: Revoked consent 1
2026-08-18 15:37:10,254 - INFO - User 1 performed action: Created EHR 1 for patient 1
2026-08-18 15:37:11,680 - INFO - User 1 performed action: Created EHR 1 for patient 1
2026-08-18 15:37:13,077 - INFO - User 1 performed action: Created prescription 1 for patient 1
2026-08-18 15:37:13,087 - INFO - User 2 performed action: Fulfilled prescription 1
2026-08-18 15:37:13,691 - INFO - User 1 performed action: Created role 2 - Reception
2026-08-18 15:37:14,277 - INFO - User 1 performed action: Created staff 2 - Receptionist
2026-08-18 15:37:15,427 - INFO - User 1 performed action: Updated staff 1
2026-08-18 15:37:15,993 - INFO - User 1 performed action: Created staff 3 - ToDelete
2026-08-18 15:37:16,003 - INFO - User 1 performed action: Deleted staff 3
2026-08-18 15:44:25,931 - INFO - User 2 performed action: Created appointment 1 for patient 1 with doctor 1
2026-08-18 15:44:28,042 - INFO - User 1 performed action: Set availability for doctor 1
2026-08-18 15:44:28,061 - INFO - User 3 performed action: Created appointment 1 for patient 1 with doctor 1
2026-08-18 15:44:28,113 - INFO - User 3 performed action: Cancelled appointment 1
2026-08-18 15:44:28,815 - INFO - User 1 performed action: Created receipt 1 for billing 1
2026-08-18 15:44:29,434 - INFO - User 1 performed action: Granted consent 1 for patient 1
2026-08-18 15:44:29,447 - INFO - User 1 performed action: Revoked consent 1
2026-08-18 15:44:30,061 - INFO - User 1 performed action: Created EHR 1 for patient 1
2026-08-18 15:44:31,606 - INFO - User 1 performed action: Created EHR 1 for patient 1
2026-08-18 15:44:33,201 - INFO - User 1 performed action: Created prescription 1 for patient 1
2026-08-18 15:44:33,217 - INFO - User 2 performed action: Fulfilled prescription 1
2026-08-18 15:44:34,165 - INFO - User 1 performed action: Created role 2 - Reception
2026-08-18 15:44:35,336 - INFO - User 1 performed action: Created staff 2 - Receptionist
2026-08-18 15:44:37,145 - INFO - User 1 performed action: Updated staff 1
2026-08-18 15:44:37,750 - INFO - User 1 performed action: Created staff 3 - ToDelete
2026-08-18 15:44:37,763 - INFO - User 1 performed action: Deleted staff 3
2026-08-18 15:51:24,585 - INFO - User 2 performed action: Created appointment 1 for patient 1 with doctor 1
2026-08-18 15:51:26,424 - INFO - User 1 performed action: Set availability for doctor 1
2026-08-18 15:51:26,438 - INFO - User 3 performed action: Created appointment 1 for patient 1 with doctor 1
2026-08-18 15:51:26,449 - INFO - User 3 performed action: Cancelled appointment 1
2026-08-18 15:51:27,172 - INFO - User 1 performed action: Created receipt 1 for billing 1
2026-08-18 15:51:27,809 - INFO - User 1 performed action: Granted consent 1 for patient 1
2026-08-18 15:51:27,821 - INFO - User 1 performed action: Revoked consent 1
2026-08-18 15:51:28,411 - INFO - User 1 performed action: Created EHR 1 for patient 1
2026-08-18 15:51:29,889 - INFO - User 1 performed action: Created EHR 1 for patient 1
2026-08-18 15:51:31,393 - INFO - User 1 performed action: Created prescription 1 for patient 1
2026-08-18 15:51:31,404 - INFO - User 2 performed action: Fulfilled prescription 1
2026-08-18 15:51:32,004 - INFO - User 1 performed action: Created role 2 - Reception
2026-08-18 15:51:32,572 - INFO - User 1 performed action: Created staff 2 - Receptionist
2026-08-18 15:51:33,746 - INFO - User 1 performed action: Updated staff 1
2026-08-18 15:51:34,318 - INFO - User 1 performed action: Created staff 3 - ToDelete
2026-08-18 15:51:34,330 - INFO - User 1 performed action: Deleted staff 3
2026-08-18 15:56:55,179 - INFO - User 2 performed action: Created appointment 1 for patient 1 with doctor 1
2026-08-18 15:56:56,984 - INFO - User 1 performed action: Set availability for doctor 1
2026-08-18 15:56:57,007 - INFO - User 3 performed action: Created appointment 1 for patient 1 with doctor 1
2026-08-18 15:56:57,027 - INFO - User 3 performed action: Cancelled appointment 1
2026-08-18 15:56:57,717 - INFO - User 1 performed action: Created receipt 1 for billing 1
2026-08-18 15:56:58,343 - INFO - User 1 performed action: Granted consent 1 for patient 1
2026-08-18 15:56:58,355 - INFO - User 1 performed action: Revoked consent 1
2026-08-18 15:56:58,923 - INFO - User 1 performed action: Created EHR 1 for patient 1
2026-08-18 15:57:00,468 - INFO - User 1 performed action: Created EHR 1 for patient 1
2026-08-18 15:57:02,034 - INFO - User 1 performed action: Created prescription 1 for patient 1
2026-08-18 15:57:02,048 - INFO - User 2 performed action: Fulfilled prescription 1
2026-08-18 15:57:02,636 - INFO - User 1 performed action: Created role 2 - Reception
2026-08-18 15:57:03,208 - INFO - User 1 performed action: Created staff 2 - Receptionist
2026-08-18 15:57:04,382 - INFO - User 1 performed action: Updated staff 1
2026-08-18 15:57:04,981 - INFO - User 1 performed action: Created staff 3 - ToDelete
2026-08-18 15:57:04,995 - INFO - User 1 performed action: Deleted staff 3
